> Task :compileJava UP-TO-DATE
> Task :processResources
> Task :classes
> Task :resolveMainClassName

> Task :bootRun

  .   ____          _            __ _ _
 /\\ / ___'_ __ _ _(_)_ __  __ _ \ \ \ \
( ( )\___ | '_ | '_| | '_ \/ _` | \ \ \ \
 \\/  ___)| |_)| | | | | || (_| |  ) ) ) )
  '  |____| .__|_| |_|_| |_\__, | / / / /
 =========|_|==============|___/=/_/_/_/

 :: Spring Boot ::               (v3.5.13)

2026-05-11T14:42:56.737+09:00  INFO 24460 --- [api] [           main] com.soulin.api.ApiApplication            : Starting ApiApplication using Java 17.0.16 with PID 24460 (D:\seumyodeulm\api\build\classes\java\main started by ¼Õ»ó¾Æ in D:\seumyodeulm\api)
2026-05-11T14:42:56.742+09:00  INFO 24460 --- [api] [           main] com.soulin.api.ApiApplication            : No active profile set, falling back to 1 default profile: "default"
2026-05-11T14:42:58.686+09:00  INFO 24460 --- [api] [           main] .s.d.r.c.RepositoryConfigurationDelegate : Bootstrapping Spring Data JPA repositories in DEFAULT mode.
2026-05-11T14:42:58.906+09:00  INFO 24460 --- [api] [           main] .s.d.r.c.RepositoryConfigurationDelegate : Finished Spring Data repository scanning in 202 ms. Found 8 JPA repository interfaces.
2026-05-11T14:43:02.336+09:00  INFO 24460 --- [api] [           main] o.s.b.w.embedded.tomcat.TomcatWebServer  : Tomcat initialized with port 8080 (http)
2026-05-11T14:43:02.381+09:00  INFO 24460 --- [api] [           main] o.apache.catalina.core.StandardService   : Starting service [Tomcat]
2026-05-11T14:43:02.383+09:00  INFO 24460 --- [api] [           main] o.apache.catalina.core.StandardEngine    : Starting Servlet engine: [Apache Tomcat/10.1.53]
2026-05-11T14:43:02.544+09:00  INFO 24460 --- [api] [           main] o.a.c.c.C.[Tomcat].[localhost].[/]       : Initializing Spring embedded WebApplicationContext
2026-05-11T14:43:02.547+09:00  INFO 24460 --- [api] [           main] w.s.c.ServletWebServerApplicationContext : Root WebApplicationContext: initialization completed in 5689 ms
2026-05-11T14:43:02.917+09:00  INFO 24460 --- [api] [           main] o.hibernate.jpa.internal.util.LogHelper  : HHH000204: Processing PersistenceUnitInfo [name: default]
2026-05-11T14:43:03.111+09:00  INFO 24460 --- [api] [           main] org.hibernate.Version                    : HHH000412: Hibernate ORM core version 6.6.45.Final
2026-05-11T14:43:03.227+09:00  INFO 24460 --- [api] [           main] o.h.c.internal.RegionFactoryInitiator    : HHH000026: Second-level cache disabled
2026-05-11T14:43:04.214+09:00  INFO 24460 --- [api] [           main] o.s.o.j.p.SpringPersistenceUnitInfo      : No LoadTimeWeaver setup: ignoring JPA class transformer
2026-05-11T14:43:04.342+09:00  INFO 24460 --- [api] [           main] com.zaxxer.hikari.HikariDataSource       : HikariPool-1 - Starting...
2026-05-11T14:43:04.964+09:00  INFO 24460 --- [api] [           main] com.zaxxer.hikari.pool.HikariPool        : HikariPool-1 - Added connection com.mysql.cj.jdbc.ConnectionImpl@3c9f4376
2026-05-11T14:43:04.972+09:00  INFO 24460 --- [api] [           main] com.zaxxer.hikari.HikariDataSource       : HikariPool-1 - Start completed.
2026-05-11T14:43:05.189+09:00  INFO 24460 --- [api] [           main] org.hibernate.orm.connections.pooling    : HHH10001005: Database info:
	Database JDBC URL [Connecting through datasource 'HikariDataSource (HikariPool-1)']
	Database driver: undefined/unknown
	Database version: 9.6
	Autocommit mode: undefined/unknown
	Isolation level: undefined/unknown
	Minimum pool size: undefined/unknown
	Maximum pool size: undefined/unknown
2026-05-11T14:43:07.492+09:00  INFO 24460 --- [api] [           main] o.h.e.t.j.p.i.JtaPlatformInitiator       : HHH000489: No JTA platform available (set 'hibernate.transaction.jta.platform' to enable JTA platform integration)
Hibernate: 
    alter table moderations 
       modify column status enum ('APPROVED','REJECTED') not null
Hibernate: 
    alter table posts 
       modify column status enum ('DRAFT','PUBLISHED','REJECTED') not null
2026-05-11T14:43:07.854+09:00  INFO 24460 --- [api] [           main] j.LocalContainerEntityManagerFactoryBean : Initialized JPA EntityManagerFactory for persistence unit 'default'
2026-05-11T14:43:08.686+09:00  INFO 24460 --- [api] [           main] o.s.d.j.r.query.QueryEnhancerFactory     : Hibernate is in classpath; If applicable, HQL parser will be used.
2026-05-11T14:43:11.351+09:00  WARN 24460 --- [api] [           main] JpaBaseConfiguration$JpaWebConfiguration : spring.jpa.open-in-view is enabled by default. Therefore, database queries may be performed during view rendering. Explicitly configure spring.jpa.open-in-view to disable this warning
2026-05-11T14:43:11.951+09:00  WARN 24460 --- [api] [           main] .s.s.UserDetailsServiceAutoConfiguration : 

Using generated security password: a0989097-84e2-4d2c-b294-9c5a37dc41f6

This generated password is for development use only. Your security configuration must be updated before running your application in production.

2026-05-11T14:43:11.970+09:00  INFO 24460 --- [api] [           main] r$InitializeUserDetailsManagerConfigurer : Global AuthenticationManager configured with UserDetailsService bean with name inMemoryUserDetailsManager
2026-05-11T14:43:12.660+09:00  WARN 24460 --- [api] [           main] ConfigServletWebServerApplicationContext : Exception encountered during context initialization - cancelling refresh attempt: org.springframework.context.ApplicationContextException: Failed to start bean 'webServerStartStop'
2026-05-11T14:43:12.662+09:00  INFO 24460 --- [api] [           main] j.LocalContainerEntityManagerFactoryBean : Closing JPA EntityManagerFactory for persistence unit 'default'
2026-05-11T14:43:12.666+09:00  INFO 24460 --- [api] [           main] com.zaxxer.hikari.HikariDataSource       : HikariPool-1 - Shutdown initiated...
2026-05-11T14:43:12.681+09:00  INFO 24460 --- [api] [           main] com.zaxxer.hikari.HikariDataSource       : HikariPool-1 - Shutdown completed.
2026-05-11T14:43:12.707+09:00  INFO 24460 --- [api] [           main] .s.b.a.l.ConditionEvaluationReportLogger : 

Error starting ApplicationContext. To display the condition evaluation report re-run your application with 'debug' enabled.
2026-05-11T14:43:12.741+09:00 ERROR 24460 --- [api] [           main] o.s.b.d.LoggingFailureAnalysisReporter   : 

***************************
APPLICATION FAILED TO START
***************************

Description:

Web server failed to start. Port 8080 was already in use.

Action:

Identify and stop the process that's listening on port 8080 or configure this application to listen on another port.


> Task :bootRun FAILED
4 actionable tasks: 3 executed, 1 up-to-date
